// Jest Snapshot v1, https://goo.gl/fbAQLP

exports[`should render SearchPage component Snapshot test with default props 1`] = `undefined`;
