// Jest Snapshot v1, https://goo.gl/fbAQLP

exports[`should render NotFoundPage component Snapshot test with default props 1`] = `
<styled.div>
  <h1>
    404 - Page Not Found
  </h1>
</styled.div>
`;
