// Jest Snapshot v1, https://goo.gl/fbAQLP

exports[`should render Footer component Snapshot test with default props 1`] = `
<Results
  items={10}
>
  <div
    className="bar grey lighten-1"
  >
    <h6
      className="white-text text-darken-2 grey lighten-1 filter-bar left"
    >
      10 movies found
    </h6>
    <h6
      className="white-text text-darken-2 grey lighten-1 filter-bar right"
    >
      rating
    </h6>
    <h6
      className="white-text text-darken-2 grey lighten-1 filter-bar right"
    >
      release date
    </h6>
    <h6
      className="white-text text-darken-2 grey lighten-1 filter-bar right"
    >
      Sort by
    </h6>
  </div>
</Results>
`;
